<?xml version="1.0" encoding="utf-8"?><testsuites><testsuite name="pytest" errors="0" failures="0" skipped="0" tests="17" time="0.357" timestamp="2024-01-31T21:40:16.975731" hostname="LAPTOP-439GBU78"><testcase classname="tests.test_controllers.TestHangmanGameController" name="test_is_player_won_true" time="0.003" /><testcase classname="tests.test_controllers.TestHangmanGameController" name="test_is_player_won_false" time="0.001" /><testcase classname="tests.test_controllers.TestHangmanGameController" name="test_is_guessed_too_many_times_true" time="0.001" /><testcase classname="tests.test_controllers.TestHangmanGameController" name="test_is_guessed_too_many_times_false" time="0.001" /><testcase classname="tests.test_models.TestHangmanGameData" name="test_already_guessed_letters" time="0.001" /><testcase classname="tests.test_models.TestHangmanGameData" name="test_secret_word_with_correct_letters" time="0.001" /><testcase classname="tests.test_utils.TestUtils" name="test_get_random_word" time="0.001" /><testcase classname="tests.test_views.TestHangmanGameView" name="test_validate_player_guess_entered_more_than_one_letter" time="0.001" /><testcase classname="tests.test_views.TestHangmanGameView" name="test_validate_player_guess_entered_letter_already_guessed" time="0.002" /><testcase classname="tests.test_views.TestHangmanGameView" name="test_validate_player_guess_entered_letter_not_alphabet" time="0.001" /><testcase classname="tests.test_views.TestHangmanGameView" name="test_get_player_guess" time="0.004" /><testcase classname="tests.test_views.TestHangmanGameView" name="test_play_again_true" time="0.001" /><testcase classname="tests.test_views.TestHangmanGameView" name="test_play_again_false" time="0.001" /><testcase classname="tests.test_views.TestHangmanGameView" name="test_get_hangman_pic" time="0.001" /><testcase classname="tests.test_views.TestHangmanGameView" name="test_get_player_won_message" time="0.001" /><testcase classname="tests.test_views.TestHangmanGameView" name="test_get_player_lost_message_first_line" time="0.001" /><testcase classname="tests.test_views.TestHangmanGameView" name="test_get_player_lost_message_second_line" time="0.001" /></testsuite></testsuites>